[    3073ms] [INFO] %cDownload the React DevTools for a better development experience: https://react.dev/link/react-devtools font-weight:bold @ http://localhost:3002/_next/static/chunks/7b8bc_next_dist_compiled_react-dom_19d0182c._.js:14537
[    3712ms] Uncaught Error: Container naver-map-kr not found.
    at x.Map (https://oapi.map.naver.com/openapi/v3/maps.js?ncpKeyId=ujlavugucs&submodules=geocoder:10:16099)
    at Map.useCallback[initializeMap] (http://localhost:3002/_next/static/chunks/_9acad0c5._.js:3531:24)
[    3812ms] Uncaught TypeError: Cannot read properties of undefined (reading 'destroy')
    at destroy (https://oapi.map.naver.com/openapi/v3/maps.js?ncpKeyId=ujlavugucs&submodules=geocoder:11:509)
    at <anonymous> (https://oapi.map.naver.com/openapi/v3/maps.js?ncpKeyId=ujlavugucs&submodules=geocoder:5:3642)
    at At (https://oapi.map.naver.com/openapi/v3/maps.js?ncpKeyId=ujlavugucs&submodules=geocoder:5:8247)
    at <anonymous> (https://oapi.map.naver.com/openapi/v3/maps.js?ncpKeyId=ujlavugucs&submodules=geocoder:5:3687)
[    4656ms] [LOG] [Fast Refresh] rebuilding @ http://localhost:3002/_next/static/chunks/7b8bc_next_dist_client_69dc797e._.js:5949
[    4706ms] [LOG] [Fast Refresh] done in 151ms @ http://localhost:3002/_next/static/chunks/7b8bc_next_dist_client_69dc797e._.js:5809
[   23913ms] Uncaught TypeError: Cannot read properties of undefined (reading 'destroy')
    at destroy (https://oapi.map.naver.com/openapi/v3/maps.js?ncpKeyId=ujlavugucs&submodules=geocoder:11:509)
    at <anonymous> (https://oapi.map.naver.com/openapi/v3/maps.js?ncpKeyId=ujlavugucs&submodules=geocoder:5:3642)
    at At (https://oapi.map.naver.com/openapi/v3/maps.js?ncpKeyId=ujlavugucs&submodules=geocoder:5:8247)
    at <anonymous> (https://oapi.map.naver.com/openapi/v3/maps.js?ncpKeyId=ujlavugucs&submodules=geocoder:5:3687)
[   23936ms] Uncaught TypeError: Cannot read properties of undefined (reading 'destroy')
    at destroy (https://oapi.map.naver.com/openapi/v3/maps.js?ncpKeyId=ujlavugucs&submodules=geocoder:11:509)
    at <anonymous> (https://oapi.map.naver.com/openapi/v3/maps.js?ncpKeyId=ujlavugucs&submodules=geocoder:5:3642)
    at At (https://oapi.map.naver.com/openapi/v3/maps.js?ncpKeyId=ujlavugucs&submodules=geocoder:5:8247)
    at <anonymous> (https://oapi.map.naver.com/openapi/v3/maps.js?ncpKeyId=ujlavugucs&submodules=geocoder:5:3687)
[ 1766064ms] [ERROR] WebSocket connection to 'ws://localhost:3002/_next/webpack-hmr' failed:  @ http://localhost:3002/_next/static/chunks/7b8bc_next_dist_client_69dc797e._.js:5696
